// Jest Snapshot v1, https://goo.gl/fbAQLP

exports[` renders learn react link 1`] = `
<input
  placeholder="введите значение..."
  type="text"
/>
`;

exports[`app test renders learn react link 1`] = `
<input
  placeholder="введите значение..."
  type="text"
/>
`;

exports[`renders learn react link 1`] = `
<input
  placeholder="введите значение..."
  type="text"
/>
`;
